Olof is working on rescue since time=5
Tor is working on polarbear since time=25
